violation type: Horizontal congestion
	srcs: net:b_0_3_2 net:b_0_3_4 net:n_60182 net:n_56099 net:n_47818 net:n_41677 net:n_15024 net:mul_4367_72_n_151 net:mul_4367_72_n_149 net:FE_OCPN15787_FE_OFN11496_n_142863
	comment: capacity:11 usage:12 overflow:1
	bbox = (30.0000, 507.0000) - (33.0000, 510.0000) on Layer -
violation type: Horizontal congestion
	srcs: net:b_0_0_0 net:b_0_0_1 net:b_0_0_5 net:b_0_0_9 net:n_5711 net:n_1524 net:n_10790 net:FE_OFN13563_n_143354 net:FE_OFN12605_n_111988
	comment: capacity:11 usage:12 overflow:1
	bbox = (87.0000, 465.0000) - (90.0000, 468.0000) on Layer -
violation type: Horizontal congestion
	srcs: net:b_0_0_1 net:b_0_0_5 net:n_18118 net:n_18117 net:n_17555 net:n_16246 net:n_14551 net:n_14550 net:mul_4375_72_n_173 net:FE_OFN12716_n_142865 net:FE_OFN12605_n_111988
	comment: capacity:11 usage:13 overflow:2
	bbox = (96.0000, 465.0000) - (99.0000, 468.0000) on Layer -
violation type: Horizontal congestion
	srcs: net:b_1_9_5 net:n_143792 net:n_143088 net:n_127979 net:n_127510 net:n_125351 net:n_124732 net:n_124731 net:n_123598 net:n_123597 net:n_122038
	comment: capacity:11 usage:12 overflow:1
	bbox = (102.0000, 339.0000) - (105.0000, 342.0000) on Layer -
violation type: Horizontal congestion
	srcs: net:b_1_9_4 net:b_1_9_5 net:n_143088 net:n_127979 net:n_125351 net:n_122038 net:n_122022 net:n_121965 net:n_120480 net:n_120479 net:n_115383
	comment: capacity:11 usage:13 overflow:2
	bbox = (105.0000, 339.0000) - (108.0000, 342.0000) on Layer -
violation type: Horizontal congestion
	srcs: net:b_1_9_0 net:b_1_9_1 net:n_130147 net:n_128934 net:n_128484 net:n_126513 net:n_117415 net:FE_OFN2192_n_113054 net:FE_OFN12950_n_111905 net:FE_OFN12676_n_142894
	comment: capacity:11 usage:12 overflow:1
	bbox = (120.0000, 297.0000) - (123.0000, 300.0000) on Layer -
violation type: Horizontal congestion
	srcs: net:b_0_1_3 net:b_0_1_4 net:b_0_4_6 net:n_34440 net:n_33494 net:n_33471 net:n_33171 net:n_33046 net:n_32586 net:FE_OFN11961_n_143381 net:FE_OFN11495_n_142863
	comment: capacity:11 usage:13 overflow:2
	bbox = (144.0000, 465.0000) - (147.0000, 468.0000) on Layer -
violation type: Horizontal congestion
	srcs: net:b_5_4_2 net:b_5_4_4 net:n_79218 net:n_79217 net:n_73124 net:n_73123 net:n_72559 net:FE_OFN5191_n_40851 net:FE_OFN13954_n_40848 net:FE_OFN12152_n_40871
	comment: capacity:11 usage:12 overflow:1
	bbox = (183.0000, 87.0000) - (186.0000, 90.0000) on Layer -
violation type: Horizontal congestion
	srcs: net:b_5_8_0 net:b_5_8_1 net:b_5_8_2 net:b_5_8_5 net:n_98523 net:n_98517 net:n_98515 net:n_93711
	comment: capacity:11 usage:12 overflow:1
	bbox = (189.0000, 3.0000) - (192.0000, 6.0000) on Layer -
violation type: Horizontal congestion
	srcs: net:b_5_8_2 net:n_98517 net:n_90142 net:n_88748 net:n_88747 net:n_86914 net:n_73539 net:n_70800 net:n_70799 net:FE_OFN17603_n_87192 net:FE_OFN12526_n_66968
	comment: capacity:11 usage:12 overflow:1
	bbox = (201.0000, 3.0000) - (204.0000, 6.0000) on Layer -
violation type: Horizontal congestion
	srcs: net:b_5_1_11 net:b_5_1_2 net:b_5_1_5 net:n_77371 net:n_75333 net:n_75332 net:n_74274 net:n_71103 net:n_71102 net:FE_OFN12590_n_40826
	comment: capacity:11 usage:12 overflow:1
	bbox = (225.0000, 3.0000) - (228.0000, 6.0000) on Layer -
violation type: Horizontal congestion
	srcs: net:b_5_0_0 net:b_5_0_5 net:n_83048 net:n_83047 net:n_73102 net:n_72336 net:n_66959 net:n_66956 net:FE_OFN9814_b_5_0_2 net:FE_OFN5205_n_40849 net:FE_OFN5192_n_40851
	comment: capacity:11 usage:13 overflow:2
	bbox = (267.0000, 87.0000) - (270.0000, 90.0000) on Layer -
violation type: Horizontal congestion
	srcs: net:b_5_7_10 net:b_5_7_11 net:b_5_7_2 net:b_5_7_3 net:n_90831 net:n_88828 net:n_88457 net:n_86917 net:n_82787 net:n_77288
	comment: capacity:11 usage:12 overflow:1
	bbox = (276.0000, 3.0000) - (279.0000, 6.0000) on Layer -
violation type: Horizontal congestion
	srcs: net:b_5_7_11 net:b_5_7_2 net:b_5_7_3 net:n_90845 net:n_99819 net:n_87227 net:n_87226 net:n_87158 net:n_86917 net:n_76158 net:n_70589
	comment: capacity:11 usage:13 overflow:2
	bbox = (282.0000, 3.0000) - (285.0000, 6.0000) on Layer -
violation type: Horizontal congestion
	srcs: net:b_5_3_1 net:b_5_3_13 net:b_5_3_3 net:b_5_3_4 net:b_5_3_6 net:n_77355 net:n_74835 net:n_74025 net:n_71130
	comment: capacity:11 usage:12 overflow:1
	bbox = (303.0000, 3.0000) - (306.0000, 6.0000) on Layer -
violation type: Horizontal congestion
	srcs: net:b_5_3_1 net:b_5_3_13 net:b_5_3_3 net:b_5_3_4 net:b_5_3_6 net:n_87136 net:n_82101 net:n_74025 net:n_73340
	comment: capacity:11 usage:12 overflow:1
	bbox = (306.0000, 3.0000) - (309.0000, 6.0000) on Layer -
violation type: Horizontal congestion
	srcs: net:b_3_5_1 net:b_3_5_2 net:b_3_5_4 net:b_3_5_9 net:n_83886 net:n_80333 net:n_75188 net:n_74661 net:n_73560 net:n_100179 net:FE_OFN14538_n_66995
	comment: capacity:11 usage:13 overflow:2
	bbox = (426.0000, 171.0000) - (429.0000, 174.0000) on Layer -
violation type: Horizontal congestion
	srcs: net:b_3_5_1 net:b_3_5_2 net:b_3_5_4 net:b_3_5_9 net:n_80998 net:n_102788 net:n_100179 net:n_100171 net:FE_OFN14538_n_66995 net:FE_OFN14014_n_67042
	comment: capacity:11 usage:12 overflow:1
	bbox = (429.0000, 171.0000) - (432.0000, 174.0000) on Layer -
violation type: Horizontal congestion
	srcs: net:b_3_5_1 net:b_3_5_2 net:b_3_5_4 net:b_3_5_9 net:n_98065 net:n_92734 net:n_80998 net:n_101419 net:n_100179 net:FE_OFN14538_n_66995 net:FE_OFN14014_n_67042
	comment: capacity:11 usage:13 overflow:2
	bbox = (432.0000, 171.0000) - (435.0000, 174.0000) on Layer -
violation type: Horizontal congestion
	srcs: net:b_6_5_2 net:b_6_5_3 net:n_119278 net:n_118909 net:n_116283 net:n_115752 net:n_115751 net:FE_OFN5948_n_41543 net:FE_OFN13277_n_143160 net:FE_OFN11839_n_144163
	comment: capacity:11 usage:12 overflow:1
	bbox = (435.0000, 45.0000) - (438.0000, 48.0000) on Layer -
violation type: Horizontal congestion
	srcs: net:b_3_5_1 net:b_3_5_2 net:n_98089 net:n_98078 net:n_97192 net:n_76497 net:n_74245 net:n_74244 net:n_70316 net:n_104924 net:FE_OFN11727_n_65567
	comment: capacity:11 usage:12 overflow:1
	bbox = (459.0000, 171.0000) - (462.0000, 174.0000) on Layer -
violation type: Horizontal congestion
	srcs: net:b_3_0_1 net:n_80889 net:n_75962 net:n_75961 net:n_74213 net:n_74212 net:n_67034 net:n_108087 net:n_107372 net:FE_OFN14019_n_67044 net:FE_OFN12537_n_66992
	comment: capacity:11 usage:12 overflow:1
	bbox = (528.0000, 171.0000) - (531.0000, 174.0000) on Layer -
violation type: Horizontal congestion
	srcs: net:b_3_2_5 net:n_98735 net:n_96566 net:n_90522 net:n_83993 net:n_75868 net:n_75608 net:n_74095 net:n_74094 net:FE_OFN10881_a_2_6_3 net:FE_OFN10582_a_7_6_3
	comment: capacity:11 usage:12 overflow:1
	bbox = (537.0000, 213.0000) - (540.0000, 216.0000) on Layer -
violation type: Vertical congestion
	srcs: net:b_0_3_0 net:b_0_3_1 net:b_0_3_3 net:b_0_7_14 net:n_7387 net:n_7386 net:n_627 net:n_2723 net:n_18995 net:FE_OFN18852_n_143272
	comment: capacity:12 usage:13 overflow:1
	bbox = (42.0000, 453.0000) - (45.0000, 456.0000) on Layer -
violation type: Vertical congestion
	srcs: net:a_0_3_11 net:a_0_9_10 net:a_1_9_8 net:a_2_3_9 net:a_3_1_1 net:a_3_7_10 net:a_4_7_10 net:a_6_7_11 net:a_8_1_10 net:a_8_1_7 net:a_8_4_13 net:a_8_5_1 net:a_8_5_4 net:ispd_clk net:n_8044 net:n_33541 net:n_21947 net:n_19987 net:FE_OFN18805_n_34879 net:FE_OFN18728_n_31944 net:FE_OFN18131_n_35657 net:FE_OFN16478_a_2_3_11 net:FE_OFN15242_n_34880 net:FE_OFN15185_a_5_1_3 net:FE_OFN14731_a_4_0_9
	comment: capacity:25 usage:26 overflow:1
	bbox = (45.0000, 420.0000) - (48.0000, 423.0000) on Layer -
violation type: Vertical congestion
	srcs: net:b_0_7_0 net:b_0_7_4 net:b_0_7_7 net:n_501 net:n_49029 net:n_49002 net:mul_4371_72_n_262 net:FE_OFN18845_n_143258 net:FE_OCPN15508_FE_OFN11831_n_143521
	comment: capacity:12 usage:13 overflow:1
	bbox = (63.0000, 465.0000) - (66.0000, 468.0000) on Layer -
violation type: Vertical congestion
	srcs: net:b_1_9_2 net:b_1_9_5 net:n_129011 net:n_128478 net:n_126730 net:n_126647 net:n_126037 net:n_125882 net:FE_OFN17130_n_143637 net:FE_OFN13749_n_143074 net:FE_OFN12750_n_143115
	comment: capacity:12 usage:13 overflow:1
	bbox = (102.0000, 333.0000) - (105.0000, 336.0000) on Layer -
violation type: Vertical congestion
	srcs: net:b_9_9_2 net:b_9_9_5 net:b_9_9_8 net:n_93354 net:n_71715 net:n_64847 net:FE_OFN2577_n_140297 net:FE_OFN2457_n_93355 net:FE_OFN13412_n_41635 net:FE_OFN11657_n_140293 net:FE_OFN11649_n_140293
	comment: capacity:12 usage:13 overflow:1
	bbox = (222.0000, 453.0000) - (225.0000, 456.0000) on Layer -
violation type: Vertical congestion
	srcs: net:b_9_4_3 net:b_9_4_4 net:n_82287 net:n_71564 net:n_64847 net:n_63299 net:n_63296 net:n_44299 net:FE_OFN12776_n_64846 net:FE_OFN11649_n_140293 net:FE_OFN11634_n_140295
	comment: capacity:12 usage:13 overflow:1
	bbox = (222.0000, 489.0000) - (225.0000, 492.0000) on Layer -
violation type: Vertical congestion
	srcs: net:b_9_4_4 net:n_52742 net:n_43166 net:n_42836 net:FE_OFN2664_n_140295 net:FE_OFN2552_n_42073 net:FE_OFN13406_n_41634 net:FE_OFN13401_n_41633 net:FE_OFN13069_n_41956 net:FE_OFN11628_n_140295 net:FE_OFN11611_n_140292
	comment: capacity:11 usage:12 overflow:1
	bbox = (243.0000, 468.0000) - (246.0000, 471.0000) on Layer -
violation type: Vertical congestion
	srcs: net:ispd_clk net:n_30543 net:n_24692 net:n_24066 net:n_22807 net:n_22211 net:n_21665 net:n_21141 net:n_19559 net:n_19146 net:n_14483 net:n_14232
	comment: capacity:12 usage:13 overflow:1
	bbox = (303.0000, 183.0000) - (306.0000, 186.0000) on Layer -
violation type: Vertical congestion
	srcs: net:ispd_clk net:n_6540 net:n_30543 net:n_28115 net:n_24692 net:n_24066 net:n_22807 net:n_20615 net:n_19214 net:n_19213 net:n_16234 net:n_11183
	comment: capacity:12 usage:13 overflow:1
	bbox = (303.0000, 252.0000) - (306.0000, 255.0000) on Layer -
violation type: Vertical congestion
	srcs: net:ispd_clk net:n_4683 net:n_28115 net:n_28061 net:n_27584 net:n_27490 net:n_27489 net:n_20615 net:n_16234 net:delay_mul_ln34_unr7_unr4_stage2_stallmux_q_14_ net:FE_OFN8982_n_20896 net:FE_OFN8536_n_27549
	comment: capacity:12 usage:13 overflow:1
	bbox = (303.0000, 303.0000) - (306.0000, 306.0000) on Layer -
violation type: Vertical congestion
	srcs: net:b_6_3_0 net:b_6_7_0 net:n_59885 net:n_49452 net:n_44336 net:delay_mul_ln34_unr6_unr3_stage2_stallmux_q_14_ net:FE_OFN15038_n_41507 net:FE_OFN14553_n_67346 net:FE_OFN13697_n_143411 net:FE_OFN13695_n_143411 net:FE_OFN13274_n_143160
	comment: capacity:12 usage:13 overflow:1
	bbox = (462.0000, 84.0000) - (465.0000, 87.0000) on Layer -
violation type: Vertical congestion
	srcs: net:b_6_8_2 net:b_6_8_3 net:n_41698 net:n_41241 net:n_29533 net:n_29315 net:n_29231 net:n_29094 net:n_29093 net:delay_mul_ln34_unr6_unr3_stage2_stallmux_q_14_ net:FE_OFN9775_b_6_8_0 net:FE_OFN13275_n_143160
	comment: capacity:12 usage:13 overflow:1
	bbox = (462.0000, 105.0000) - (465.0000, 108.0000) on Layer -
violation type: Vertical congestion
	srcs: net:b_6_4_0 net:b_6_4_3 net:b_6_4_5 net:b_6_4_6 net:n_96553 net:n_95030 net:n_92227 net:n_86270 net:n_86269 net:FE_OFN16051_n_67347 net:FE_OFN11848_n_144163
	comment: capacity:12 usage:14 overflow:2
	bbox = (543.0000, 99.0000) - (546.0000, 102.0000) on Layer -
