violation type: Horizontal congestion
	srcs: net:ispd_clk net:u0_R11_22_ net:u0_L10_reg_17__Q net:u0_L10_17_ net:n_37751 net:n_37307 net:n_37097 net:n_36994 net:n_36783 net:n_36658 net:n_36645
	comment: capacity:11 usage:12 overflow:1
	bbox = (120.0000, 381.0000) - (123.0000, 384.0000) on Layer -
violation type: Horizontal congestion
	srcs: net:ispd_clk net:u1_uk_K_r_475 net:u1_uk_K_r_416 net:u1_uk_K_r_365 net:u1_uk_K_r_344 net:n_5848 net:n_4840 net:g296338_p net:g296298_p net:g295467_p net:FE_OFN3785_n_60
	comment: capacity:11 usage:12 overflow:1
	bbox = (123.0000, 255.0000) - (126.0000, 258.0000) on Layer -
violation type: Horizontal congestion
	srcs: net:ispd_clk net:u2_R8_5_ net:u2_uk_K_r_806 net:u2_uk_K_r_792 net:n_97102 net:n_19653 net:n_18475 net:g283522_p net:FE_OFN4388_decrypt net:FE_OFN3499_n_3512 net:FE_OFN3339_n_14246
	comment: capacity:11 usage:12 overflow:1
	bbox = (138.0000, 87.0000) - (141.0000, 90.0000) on Layer -
violation type: Horizontal congestion
	srcs: net:ispd_clk net:u2_uk_K_r_131 net:u2_R14_14_ net:n_20990 net:n_19124 net:n_17426 net:n_10761 net:g321779_sb net:g321779_da net:FE_OFN3122_n_21595 net:FE_OFN2528_n_195
	comment: capacity:11 usage:12 overflow:1
	bbox = (147.0000, 129.0000) - (150.0000, 132.0000) on Layer -
violation type: Horizontal congestion
	srcs: net:ispd_clk net:u1_uk_K_r_485 net:u1_uk_K_r_471 net:u1_uk_K_r_447 net:n_7664 net:n_6286 net:n_6244 net:n_487 net:key_b_r_16__7_ net:g294104_p net:FE_OFN4049_n_7982
	comment: capacity:11 usage:12 overflow:1
	bbox = (147.0000, 255.0000) - (150.0000, 258.0000) on Layer -
violation type: Horizontal congestion
	srcs: net:ispd_clk net:u2_uk_K_r_131 net:u2_uk_K_r_727 net:n_20990 net:n_19124 net:n_17426 net:n_10761 net:n_107065 net:g191320_p net:FE_OFN2528_n_195 net:FE_OFN2390_n_19635
	comment: capacity:11 usage:12 overflow:1
	bbox = (150.0000, 129.0000) - (153.0000, 132.0000) on Layer -
violation type: Horizontal congestion
	srcs: net:ispd_clk net:u1_uk_K_r_540 net:u1_uk_K_r_526 net:u1_uk_K_r_447 net:n_7664 net:n_6630 net:n_6286 net:n_487 net:g244347_db net:g244347_da net:FE_OFN4438_decrypt
	comment: capacity:11 usage:12 overflow:1
	bbox = (153.0000, 255.0000) - (156.0000, 258.0000) on Layer -
violation type: Horizontal congestion
	srcs: net:ispd_clk net:u2_uk_K_r_598 net:n_5594 net:n_17721 net:n_16930 net:n_16927 net:g285415_p net:g285412_p net:g285361_p net:FE_OFN4330_n_20 net:FE_OFN2529_n_195
	comment: capacity:11 usage:12 overflow:1
	bbox = (246.0000, 129.0000) - (249.0000, 132.0000) on Layer -
violation type: Horizontal congestion
	srcs: net:ispd_clk net:u2_uk_K_r_536 net:n_5594 net:n_17721 net:FE_OFN994_n_10761 net:FE_OFN4530_n_767 net:FE_OFN4386_decrypt net:FE_OFN4330_n_20 net:FE_OFN3341_n_16545 net:FE_OFN2040_n_5434 net:FE_OFN1373_n_16689
	comment: capacity:11 usage:12 overflow:1
	bbox = (276.0000, 129.0000) - (279.0000, 132.0000) on Layer -
violation type: Horizontal congestion
	srcs: net:ispd_clk net:u2_key_r_26_ net:u2_uk_K_r_536 net:u2_uk_K_r_466 net:n_5594 net:g288569_p net:FE_OFN994_n_10761 net:FE_OFN4530_n_767 net:FE_OFN4386_decrypt net:FE_OFN2040_n_5434 net:FE_OFN1373_n_16689
	comment: capacity:11 usage:12 overflow:1
	bbox = (279.0000, 129.0000) - (282.0000, 132.0000) on Layer -
violation type: Horizontal congestion
	srcs: net:ispd_clk net:u0_uk_K_r_592 net:u0_uk_K_r_557 net:u0_uk_K_r_524 net:n_5226 net:n_4797 net:n_4663 net:g301324_p net:FE_OFN4422_decrypt net:FE_OFN4290_n_17346 net:FE_OFN3189_n_12018
	comment: capacity:11 usage:12 overflow:1
	bbox = (279.0000, 339.0000) - (282.0000, 342.0000) on Layer -
violation type: Horizontal congestion
	srcs: net:ispd_clk net:n_9934 net:n_9751 net:n_9428 net:n_9103 net:n_8731 net:n_8726 net:n_10811 net:n_10578 net:n_10111 net:n_10013
	comment: capacity:11 usage:12 overflow:1
	bbox = (417.0000, 381.0000) - (420.0000, 384.0000) on Layer -
violation type: Horizontal congestion
	srcs: net:ispd_clk net:u0_IP_64__1290 net:u0_IP_64__1289 net:n_5919 net:n_4260 net:n_3797 net:n_2712 net:n_2193 net:n_2185 net:n_1580 net:n_1209
	comment: capacity:11 usage:12 overflow:1
	bbox = (423.0000, 297.0000) - (426.0000, 300.0000) on Layer -
violation type: Vertical congestion
	srcs: net:ispd_clk net:u2_uk_K_r_46 net:u2_uk_K_r_160 net:n_21590 net:n_21126 net:n_20029 net:n_18987 net:n_18699 net:n_100985 net:FE_OFN4546_n_39 net:FE_OFN4398_decrypt net:FE_OFN3767_n_60
	comment: capacity:12 usage:13 overflow:1
	bbox = (123.0000, 111.0000) - (126.0000, 114.0000) on Layer -
violation type: Vertical congestion
	srcs: net:ispd_clk net:u1_uk_K_r_424 net:u1_key_r_53_ net:n_4569 net:n_4317 net:n_353 net:n_12007 net:g295405_p net:FE_OFN4390_decrypt net:FE_OFN3861_n_307 net:FE_OFN2615_n_14295
	comment: capacity:11 usage:12 overflow:1
	bbox = (123.0000, 222.0000) - (126.0000, 225.0000) on Layer -
violation type: Vertical congestion
	srcs: net:ispd_clk net:u0_uk_K_r_148 net:u0_uk_K_r_125 net:n_9012 net:n_8527 net:n_8057 net:n_7988 net:n_7618 net:n_7576 net:n_7568 net:n_3592 net:FE_OFN4914_n_143
	comment: capacity:12 usage:13 overflow:1
	bbox = (162.0000, 315.0000) - (165.0000, 318.0000) on Layer -
violation type: Vertical congestion
	srcs: net:ispd_clk net:u1_R5_29_ net:n_57884 net:n_57851 net:n_57784 net:n_57746 net:n_57718 net:n_57542 net:n_57539 net:n_4607 net:n_10599 net:FE_OFN445_n_57717
	comment: capacity:12 usage:13 overflow:1
	bbox = (183.0000, 282.0000) - (186.0000, 285.0000) on Layer -
violation type: Vertical congestion
	srcs: net:ispd_clk net:u1_R6_6_ net:u1_R6_30_ net:n_61480 net:n_60464 net:n_60163 net:n_59897 net:n_59896 net:n_59634 net:n_59576 net:n_59560 net:g240194_p
	comment: capacity:12 usage:13 overflow:1
	bbox = (222.0000, 180.0000) - (225.0000, 183.0000) on Layer -
violation type: Vertical congestion
	srcs: net:ispd_clk net:u2_R4_7_ net:u2_R4_6_ net:n_18132 net:n_18113 net:n_16504 net:n_16432 net:n_16421 net:n_15581 net:g285933_p net:g285932_p net:FE_OFN994_n_10761
	comment: capacity:12 usage:13 overflow:1
	bbox = (282.0000, 123.0000) - (285.0000, 126.0000) on Layer -
