violation type: Horizontal congestion
	srcs: net:ispd_clk net:u2_L12_30_ net:n_104750 net:n_104749 net:n_104748 net:n_104110 net:n_104101 net:n_103825 net:n_103500 net:n_103412 net:FE_OFN1949_n_20861
	comment: capacity:11 usage:12 overflow:1
	bbox = (81.0000, 129.0000) - (84.0000, 132.0000) on Layer -
violation type: Horizontal congestion
	srcs: net:ispd_clk net:u1_uk_K_r_467 net:u1_uk_K_r_417 net:u1_uk_K_r_412 net:u1_uk_K_r_363 net:u1_uk_K_r_357 net:u1_uk_K_r_240 net:n_8045 net:n_3255 net:n_11951 net:FE_OFN3981_n_424
	comment: capacity:11 usage:12 overflow:1
	bbox = (123.0000, 213.0000) - (126.0000, 216.0000) on Layer -
violation type: Horizontal congestion
	srcs: net:ispd_clk net:u2_uk_K_r_131 net:u2_uk_K_r_809 net:u2_uk_K_r_803 net:u2_uk_K_r_79 net:u2_uk_K_r_182 net:n_20503 net:n_20452 net:n_20448 net:n_17933 net:g282491_p
	comment: capacity:11 usage:12 overflow:1
	bbox = (138.0000, 129.0000) - (141.0000, 132.0000) on Layer -
violation type: Horizontal congestion
	srcs: net:ispd_clk net:u2_uk_K_r_730 net:u2_uk_K_r_724 net:u2_uk_K_r_667 net:n_18481 net:n_18203 net:n_17530 net:g283954_p net:g283881_p net:FE_OFN4257_n_461 net:FE_OFN3998_n_20449
	comment: capacity:11 usage:12 overflow:1
	bbox = (153.0000, 87.0000) - (156.0000, 90.0000) on Layer -
violation type: Horizontal congestion
	srcs: net:ispd_clk net:n_9841 net:u1_uk_K_r_538 net:u1_uk_K_r_516 net:u1_R4_25_ net:n_57523 net:n_55352 net:g294104_p net:FE_OFN4438_decrypt net:FE_OFN3786_n_60 net:FE_OFN2500_n_327
	comment: capacity:11 usage:12 overflow:1
	bbox = (156.0000, 255.0000) - (159.0000, 258.0000) on Layer -
violation type: Horizontal congestion
	srcs: net:ispd_clk net:n_9841 net:n_59287 net:n_59285 net:n_59199 net:n_59183 net:n_59140 net:n_58964 net:n_57523 net:g293590_p net:FE_OFN2500_n_327
	comment: capacity:11 usage:12 overflow:1
	bbox = (168.0000, 255.0000) - (171.0000, 258.0000) on Layer -
violation type: Horizontal congestion
	srcs: net:ispd_clk net:u0_uk_K_r10_reg_45__Q net:n_8457 net:n_8007 net:n_7821 net:n_4204 net:n_18523 net:n_12377 net:g298798_p net:g298746_p net:FE_OFN4102_n_274
	comment: capacity:11 usage:12 overflow:1
	bbox = (171.0000, 339.0000) - (174.0000, 342.0000) on Layer -
violation type: Horizontal congestion
	srcs: net:ispd_clk net:u0_R8_25_ net:n_33722 net:n_33207 net:n_33040 net:n_32691 net:n_32591 net:n_32467 net:n_32426 net:n_32374 net:g268069_p
	comment: capacity:11 usage:12 overflow:1
	bbox = (171.0000, 423.0000) - (174.0000, 426.0000) on Layer -
violation type: Horizontal congestion
	srcs: net:ispd_clk net:u1_uk_K_r_603 net:n_7052 net:n_6816 net:n_6304 net:n_57437 net:n_57436 net:n_57435 net:n_4595 net:n_12039 net:n_117225
	comment: capacity:11 usage:12 overflow:1
	bbox = (177.0000, 213.0000) - (180.0000, 216.0000) on Layer -
violation type: Horizontal congestion
	srcs: net:ispd_clk net:u1_uk_K_r_575 net:n_7487 net:n_7052 net:n_6217 net:n_59177 net:n_4595 net:n_117225 net:n_112891 net:FE_OFN4479_n_125 net:FE_OFN4441_decrypt
	comment: capacity:11 usage:12 overflow:1
	bbox = (186.0000, 213.0000) - (189.0000, 216.0000) on Layer -
violation type: Horizontal congestion
	srcs: net:ispd_clk net:u0_uk_K_r_681 net:u0_uk_K_r_317 net:n_8007 net:n_7534 net:n_7367 net:n_4204 net:n_18523 net:n_12377 net:g299772_p net:FE_OFN4102_n_274
	comment: capacity:11 usage:12 overflow:1
	bbox = (186.0000, 339.0000) - (189.0000, 342.0000) on Layer -
violation type: Horizontal congestion
	srcs: net:ispd_clk net:u0_uk_K_r_696 net:u0_uk_K_r_681 net:u0_uk_K_r_317 net:n_8007 net:n_6039 net:n_4204 net:n_18523 net:n_12377 net:g299717_p net:FE_OFN4102_n_274
	comment: capacity:11 usage:12 overflow:1
	bbox = (189.0000, 339.0000) - (192.0000, 342.0000) on Layer -
violation type: Horizontal congestion
	srcs: net:ispd_clk net:u0_R8_22_ net:u0_L8_29_ net:u0_L8_28_ net:n_33745 net:n_33635 net:n_33634 net:n_33516 net:n_33381 net:n_33110 net:n_31919
	comment: capacity:11 usage:12 overflow:1
	bbox = (189.0000, 423.0000) - (192.0000, 426.0000) on Layer -
violation type: Horizontal congestion
	srcs: net:ispd_clk net:u0_uk_K_r_709 net:u0_uk_K_r_317 net:n_8007 net:n_7099 net:n_6540 net:n_4204 net:n_18523 net:g300207_p net:g299734_p net:FE_OFN4356_n_20
	comment: capacity:11 usage:12 overflow:1
	bbox = (195.0000, 339.0000) - (198.0000, 342.0000) on Layer -
violation type: Horizontal congestion
	srcs: net:ispd_clk net:u1_L6_1_ net:n_8484 net:n_7052 net:n_6217 net:n_61313 net:n_61234 net:n_61202 net:n_61003 net:n_4595 net:FE_OFN4443_decrypt
	comment: capacity:11 usage:12 overflow:1
	bbox = (201.0000, 213.0000) - (204.0000, 216.0000) on Layer -
violation type: Horizontal congestion
	srcs: net:ispd_clk net:n_808 net:n_62944 net:n_62387 net:n_61964 net:n_61766 net:n_61364 net:n_2440 net:g238608_p net:FE_OFN4051_n_12032 net:FE_OFN2984_n_8992
	comment: capacity:11 usage:12 overflow:1
	bbox = (228.0000, 297.0000) - (231.0000, 300.0000) on Layer -
violation type: Horizontal congestion
	srcs: net:ispd_clk net:u2_uk_K_r6_reg_30__Q net:u2_R5_2_ net:u2_uk_K_r_635 net:u2_uk_K_r_628 net:n_17114 net:n_17050 net:n_16428 net:n_15588 net:g284863_p net:g209889_da
	comment: capacity:11 usage:12 overflow:1
	bbox = (240.0000, 87.0000) - (243.0000, 90.0000) on Layer -
violation type: Horizontal congestion
	srcs: net:ispd_clk net:u0_uk_K_r_553 net:u0_uk_K_r_281 net:n_9645 net:n_9088 net:n_5647 net:n_5645 net:n_5634 net:n_5159 net:FE_OFN802_n_8452 net:FE_OFN3378_n_767
	comment: capacity:11 usage:12 overflow:1
	bbox = (240.0000, 324.0000) - (243.0000, 327.0000) on Layer -
violation type: Horizontal congestion
	srcs: net:ispd_clk net:u0_uk_K_r_640 net:u0_uk_K_r_594 net:n_5532 net:n_5238 net:n_4832 net:n_4755 net:n_4204 net:FE_OFN4465_n_60 net:FE_OFN3187_n_12018 net:FE_OFN2937_n_5083
	comment: capacity:11 usage:12 overflow:1
	bbox = (279.0000, 339.0000) - (282.0000, 342.0000) on Layer -
violation type: Horizontal congestion
	srcs: net:ispd_clk net:u2_uk_K_r_555 net:n_7705 net:n_19642 net:n_16510 net:n_13826 net:n_13816 net:g286577_p net:FE_OFN994_n_10761 net:FE_OFN4386_decrypt net:FE_OFN3131_n_16013
	comment: capacity:11 usage:12 overflow:1
	bbox = (282.0000, 129.0000) - (285.0000, 132.0000) on Layer -
violation type: Horizontal congestion
	srcs: net:ispd_clk net:u2_key_r_18_ net:u2_uk_K_r_403 net:u2_uk_K_r_238 net:n_7705 net:n_16510 net:n_15561 net:n_13826 net:n_13816 net:FE_OFN4386_decrypt net:FE_OFN3131_n_16013
	comment: capacity:11 usage:12 overflow:1
	bbox = (285.0000, 129.0000) - (288.0000, 132.0000) on Layer -
violation type: Horizontal congestion
	srcs: net:ispd_clk net:u0_uk_K_r_594 net:u0_uk_K_r_586 net:u0_uk_K_r_571 net:u0_uk_K_r_530 net:n_5088 net:n_4563 net:n_4204 net:n_3135 net:g302065_p net:FE_OFN2937_n_5083
	comment: capacity:11 usage:12 overflow:1
	bbox = (294.0000, 339.0000) - (297.0000, 342.0000) on Layer -
violation type: Horizontal congestion
	srcs: net:ispd_clk net:u2_key_r_43_ net:u2_R2_18_ net:u2_uk_K_r_272 net:n_424 net:n_21026 net:n_18993 net:n_1292 net:n_11996 net:g288217_p net:FE_OFN195_n_84781
	comment: capacity:11 usage:12 overflow:1
	bbox = (330.0000, 87.0000) - (333.0000, 90.0000) on Layer -
violation type: Horizontal congestion
	srcs: net:ispd_clk net:u2_key_r_43_ net:u2_R2_18_ net:u2_uk_K_r_437 net:u2_uk_K_r_262 net:n_424 net:n_18993 net:n_13864 net:n_13700 net:n_1292 net:n_11996
	comment: capacity:11 usage:12 overflow:1
	bbox = (333.0000, 87.0000) - (336.0000, 90.0000) on Layer -
violation type: Horizontal congestion
	srcs: net:ispd_clk net:u2_key_r_43_ net:u2_key_r_42_ net:n_75992 net:n_424 net:n_15145 net:n_13125 net:n_11996 net:n_10926 net:FE_OFN4230_n_1292 net:FE_OFN3500_n_3512
	comment: capacity:11 usage:12 overflow:1
	bbox = (339.0000, 87.0000) - (342.0000, 90.0000) on Layer -
violation type: Horizontal congestion
	srcs: net:ispd_clk net:u2_R2_12_ net:n_83920 net:n_83632 net:n_83604 net:n_83365 net:n_83359 net:n_83215 net:n_83214 net:g305633_sb net:FE_OFN3316_n_500
	comment: capacity:11 usage:12 overflow:1
	bbox = (345.0000, 45.0000) - (348.0000, 48.0000) on Layer -
violation type: Horizontal congestion
	srcs: net:ispd_clk net:u0_R2_29_ net:u0_R2_19_ net:u0_R2_11_ net:n_20832 net:n_20548 net:n_20391 net:n_20110 net:n_19959 net:n_19491 net:n_19067
	comment: capacity:11 usage:12 overflow:1
	bbox = (393.0000, 423.0000) - (396.0000, 426.0000) on Layer -
violation type: Horizontal congestion
	srcs: net:ispd_clk net:u0_R2_29_ net:u0_R2_19_ net:u0_R2_11_ net:n_19906 net:n_19491 net:n_19451 net:n_19440 net:n_19103 net:n_19067 net:n_18901
	comment: capacity:11 usage:12 overflow:1
	bbox = (396.0000, 423.0000) - (399.0000, 426.0000) on Layer -
violation type: Horizontal congestion
	srcs: net:ispd_clk net:u0_R2_29_ net:u0_R2_19_ net:u0_R2_11_ net:n_19923 net:n_19922 net:n_19491 net:n_19451 net:n_19440 net:n_19415 net:n_19103
	comment: capacity:11 usage:12 overflow:1
	bbox = (399.0000, 423.0000) - (402.0000, 426.0000) on Layer -
violation type: Vertical congestion
	srcs: net:ispd_clk net:u2_uk_K_r_105 net:u2_uk_K_r_91 net:u2_uk_K_r_90 net:n_20498 net:n_20029 net:n_13742 net:g281812_p net:FE_OFN4398_decrypt net:FE_OFN4334_n_20 net:FE_OFN1571_n_11308
	comment: capacity:11 usage:12 overflow:1
	bbox = (123.0000, 108.0000) - (126.0000, 111.0000) on Layer -
violation type: Vertical congestion
	srcs: net:ispd_clk net:u1_R4_5_ net:n_9587 net:n_6367 net:n_462 net:n_118496 net:key_b_r_13__744 net:key_b_r_12__689 net:g294094_p net:FE_OFN3075_n_57197
	comment: capacity:10 usage:11 overflow:1
	bbox = (162.0000, 264.0000) - (165.0000, 267.0000) on Layer -
violation type: Vertical congestion
	srcs: net:ispd_clk net:n_7464 net:n_61411 net:n_18478 net:n_13590 net:n_12074 net:n_11037 net:FE_OFN4941_n_17346 net:FE_OFN4486_n_116 net:FE_OFN4443_decrypt net:FE_OFN4439_decrypt net:FE_OFN401_n_63246
	comment: capacity:12 usage:13 overflow:1
	bbox = (222.0000, 204.0000) - (225.0000, 207.0000) on Layer -
violation type: Vertical congestion
	srcs: net:ispd_clk net:u1_R7_32_ net:n_7982 net:n_7845 net:n_7688 net:n_13590 net:g292351_p net:FE_OFN4941_n_17346 net:FE_OFN4498_n_6354 net:FE_OFN2542_n_61497 net:FE_OFN1481_n_8833
	comment: capacity:11 usage:12 overflow:1
	bbox = (222.0000, 282.0000) - (225.0000, 285.0000) on Layer -
violation type: Vertical congestion
	srcs: net:ispd_clk net:u1_R8_7_ net:u1_R7_7_ net:n_9004 net:n_8915 net:n_8505 net:n_6345 net:n_61400 net:n_61399 net:n_61398 net:n_5645 net:FE_OFN2935_n_5083
	comment: capacity:12 usage:13 overflow:1
	bbox = (243.0000, 279.0000) - (246.0000, 282.0000) on Layer -
violation type: Vertical congestion
	srcs: net:ispd_clk net:u1_uk_K_r_796 net:u1_uk_K_r_790 net:n_67355 net:n_6475 net:n_13826 net:n_13237 net:n_11998 net:n_1173 net:n_11416 net:n_10493 net:FE_OFN4480_n_125
	comment: capacity:12 usage:13 overflow:1
	bbox = (282.0000, 225.0000) - (285.0000, 228.0000) on Layer -
violation type: Vertical congestion
	srcs: net:ispd_clk net:u1_uk_K_r_808 net:u1_uk_K_r_766 net:u1_uk_K_r_758 net:u1_uk_K_r_746 net:u1_uk_K_r_736 net:u1_uk_K_r_29 net:u1_R9_30_ net:n_14772 net:g290810_p net:FE_OFN4465_n_60
	comment: capacity:11 usage:12 overflow:1
	bbox = (303.0000, 270.0000) - (306.0000, 273.0000) on Layer -
