violation type: Horizontal congestion
	srcs: net:b_0_7_0 net:ispd_clk net:n_2460 net:n_2459 net:n_1792 net:n_1088 net:n_1066 net:FE_OFN18852_n_143272 net:FE_OFN18776_n_142865 net:FE_OFN14393_n_143283 net:FE_OFN12725_n_455
	comment: capacity:11 usage:13 overflow:2
	bbox = (72.0000, 465.0000) - (75.0000, 468.0000) on Layer -
violation type: Horizontal congestion
	srcs: net:b_0_1_3 net:ispd_clk net:n_6612 net:n_6606 net:n_6449 net:n_4008 net:n_3736 net:n_3735 net:n_3312 net:FE_OFN12991_n_143273
	comment: capacity:11 usage:12 overflow:1
	bbox = (129.0000, 465.0000) - (132.0000, 468.0000) on Layer -
violation type: Horizontal congestion
	srcs: net:b_5_4_0 net:b_5_4_1 net:n_73122 net:n_73121 net:n_72566 net:n_107393 net:n_106958 net:n_105815 net:n_105814 net:n_105806
	comment: capacity:11 usage:12 overflow:1
	bbox = (192.0000, 87.0000) - (195.0000, 90.0000) on Layer -
violation type: Horizontal congestion
	srcs: net:b_5_1_1 net:b_5_1_11 net:b_5_1_13 net:b_5_1_5 net:b_5_1_6 net:n_98130 net:n_87351 net:n_86721 net:n_75058 net:FE_OFN14099_n_40807 net:FE_OFN14098_n_40807
	comment: capacity:11 usage:13 overflow:2
	bbox = (231.0000, 3.0000) - (234.0000, 6.0000) on Layer -
violation type: Horizontal congestion
	srcs: net:b_5_1_1 net:b_5_1_11 net:b_5_1_2 net:b_5_1_3 net:n_95607 net:n_93958 net:n_89285 net:n_86721 net:FE_OFN14099_n_40807
	comment: capacity:11 usage:12 overflow:1
	bbox = (240.0000, 3.0000) - (243.0000, 6.0000) on Layer -
violation type: Horizontal congestion
	srcs: net:b_5_1_11 net:b_5_1_2 net:b_5_1_3 net:n_93961 net:n_89284 net:n_89283 net:n_89282 net:n_84096 net:n_73830 net:n_73829 net:FE_OFN14099_n_40807
	comment: capacity:11 usage:13 overflow:2
	bbox = (243.0000, 3.0000) - (246.0000, 6.0000) on Layer -
violation type: Horizontal congestion
	srcs: net:b_5_1_11 net:b_5_1_2 net:b_5_1_3 net:n_89284 net:n_89281 net:n_88200 net:n_74656 net:n_73368 net:n_70774 net:FE_OFN14099_n_40807
	comment: capacity:11 usage:12 overflow:1
	bbox = (246.0000, 3.0000) - (249.0000, 6.0000) on Layer -
violation type: Horizontal congestion
	srcs: net:b_9_9_0 net:b_9_9_1 net:n_60942 net:n_58765 net:n_55222 net:n_54950 net:n_54949 net:n_50244 net:n_50243 net:FE_OFN13406_n_41634
	comment: capacity:11 usage:12 overflow:1
	bbox = (258.0000, 465.0000) - (261.0000, 468.0000) on Layer -
violation type: Horizontal congestion
	srcs: net:b_5_3_1 net:b_5_3_12 net:b_5_3_15 net:b_5_3_4 net:n_93116 net:n_92486 net:n_86947 net:n_82101 net:n_72966 net:n_70802 net:FE_OFN13645_n_40808
	comment: capacity:11 usage:13 overflow:2
	bbox = (306.0000, 3.0000) - (309.0000, 6.0000) on Layer -
violation type: Horizontal congestion
	srcs: net:b_3_1_1 net:b_3_1_2 net:b_3_8_2 net:b_3_8_4 net:n_86530 net:n_41666 net:FE_OFN17370_n_67047 net:FE_OFN12285_n_67047 net:FE_OFN12282_n_67047 net:FE_OFN12278_n_67047
	comment: capacity:11 usage:13 overflow:2
	bbox = (357.0000, 213.0000) - (360.0000, 216.0000) on Layer -
violation type: Horizontal congestion
	srcs: net:b_3_1_1 net:b_3_1_2 net:b_3_8_4 net:n_98641 net:n_83833 net:n_74466 net:n_74465 net:n_68727 net:n_65569 net:n_41666 net:FE_OFN17370_n_67047
	comment: capacity:11 usage:13 overflow:2
	bbox = (363.0000, 213.0000) - (366.0000, 216.0000) on Layer -
violation type: Horizontal congestion
	srcs: net:b_9_7_1 net:n_71512 net:n_65348 net:n_65347 net:n_63906 net:n_61883 net:n_54881 net:n_43558 net:n_42230 net:FE_OFN8414_n_29349 net:FE_OFN18517_b_9_7_0
	comment: capacity:11 usage:12 overflow:1
	bbox = (378.0000, 507.0000) - (381.0000, 510.0000) on Layer -
violation type: Horizontal congestion
	srcs: net:b_6_5_10 net:b_6_5_5 net:b_6_5_6 net:n_98964 net:n_94816 net:n_91680 net:n_91020 net:n_46230 net:n_108041 net:n_101162 net:FE_OFN15032_n_41535
	comment: capacity:11 usage:12 overflow:1
	bbox = (438.0000, 3.0000) - (441.0000, 6.0000) on Layer -
violation type: Horizontal congestion
	srcs: net:b_6_5_10 net:b_6_5_5 net:b_6_5_6 net:n_98964 net:n_95043 net:n_91008 net:n_108041 net:n_102606 net:n_101162 net:FE_OFN5710_n_56138 net:FE_OFN15032_n_41535
	comment: capacity:11 usage:12 overflow:1
	bbox = (441.0000, 3.0000) - (444.0000, 6.0000) on Layer -
violation type: Horizontal congestion
	srcs: net:b_6_2_11 net:b_6_2_3 net:b_6_2_5 net:n_55600 net:n_46255 net:FE_OFN9784_b_6_2_2 net:FE_OFN6111_n_67353 net:FE_OFN6042_n_41363 net:FE_OFN17784_n_41363 net:FE_OFN13917_n_143592 net:FE_OFN13188_n_67348
	comment: capacity:11 usage:12 overflow:1
	bbox = (450.0000, 87.0000) - (453.0000, 90.0000) on Layer -
violation type: Horizontal congestion
	srcs: net:b_6_8_1 net:b_6_8_3 net:n_89854 net:n_89733 net:n_83983 net:n_55465 net:n_55464 net:n_50921 net:n_46040 net:n_43881 net:FE_OFN6139_n_67344
	comment: capacity:11 usage:12 overflow:1
	bbox = (489.0000, 87.0000) - (492.0000, 90.0000) on Layer -
violation type: Horizontal congestion
	srcs: net:b_3_1_5 net:b_3_8_7 net:n_89396 net:n_85253 net:n_84135 net:n_79318 net:n_73385 net:n_71077 net:n_70818 net:n_67025 net:FE_OFN13816_n_67014
	comment: capacity:11 usage:12 overflow:1
	bbox = (495.0000, 213.0000) - (498.0000, 216.0000) on Layer -
violation type: Horizontal congestion
	srcs: net:c_6_3_11 net:ispd_clk net:n_17348 net:n_17251 net:FE_OFN8414_n_29349 net:FE_OFN8406_n_30563 net:FE_OFN8388_n_20280 net:FE_OFN8180_n_30283 net:FE_OFN70_n_160 net:FE_OFN5_n_179 net:FE_OFN50_n_178
	comment: capacity:11 usage:12 overflow:1
	bbox = (504.0000, 465.0000) - (507.0000, 468.0000) on Layer -
violation type: Horizontal congestion
	srcs: net:b_3_5_1 net:b_3_5_12 net:b_3_5_4 net:n_95475 net:n_75978 net:n_74246 net:n_108479 net:FE_OFN4151_n_65567 net:FE_OFN4049_n_65573 net:FE_OFN13635_n_66976
	comment: capacity:11 usage:12 overflow:1
	bbox = (510.0000, 171.0000) - (513.0000, 174.0000) on Layer -
violation type: Horizontal congestion
	srcs: net:b_3_2_12 net:b_3_2_2 net:b_3_2_5 net:n_76727 net:n_75152 net:n_74645 net:n_74644 net:n_73319 net:n_67050 net:FE_OFN13493_n_67004
	comment: capacity:11 usage:12 overflow:1
	bbox = (528.0000, 213.0000) - (531.0000, 216.0000) on Layer -
violation type: Vertical congestion
	srcs: net:a_1_2_12 net:a_1_3_14 net:a_1_4_14 net:a_2_4_10 net:a_2_4_12 net:a_3_0_12 net:a_4_0_11 net:a_5_7_14 net:a_6_4_12 net:a_6_4_14 net:a_6_9_8 net:a_7_4_12 net:a_7_4_14 net:a_8_9_14 net:b_0_3_5 net:b_0_3_6 net:b_0_5_15 net:b_0_5_5 net:b_0_5_8 net:b_0_9_2 net:b_1_1_1 net:n_282 net:n_23339 net:n_22180 net:n_13211 net:n_11397 net:n_11396 net:mul_4369_72_n_152
	comment: capacity:30 usage:31 overflow:1
	bbox = (15.0000, 435.0000) - (18.0000, 438.0000) on Layer -
violation type: Vertical congestion
	srcs: net:a_5_8_13 net:a_6_7_11 net:a_8_4_13 net:a_9_0_13 net:b_0_5_0 net:b_0_5_1 net:n_6838 net:n_5651 net:n_5021 net:n_10023
	comment: capacity:11 usage:12 overflow:1
	bbox = (42.0000, 426.0000) - (45.0000, 429.0000) on Layer -
violation type: Vertical congestion
	srcs: net:b_2_9_0 net:b_2_9_3 net:b_2_9_4 net:n_3728 net:n_24767 net:n_21134 net:n_123740 net:n_111877 net:FE_OFN12612_n_112608 net:FE_OFN12312_n_111877 net:FE_OFN12308_n_111875
	comment: capacity:12 usage:14 overflow:2
	bbox = (63.0000, 138.0000) - (66.0000, 141.0000) on Layer -
violation type: Vertical congestion
	srcs: net:a_2_6_11 net:a_3_6_13 net:a_4_4_10 net:a_4_6_10 net:a_5_9_9 net:a_6_8_13 net:b_0_0_5 net:b_0_6_6 net:b_1_8_3 net:b_1_8_4 net:b_1_8_9 net:b_1_9_8 net:n_7906 net:n_39101 net:n_14103 net:n_12775 net:n_12770 net:n_112316 net:n_11048 net:FE_OFN2851_n_111724 net:FE_OFN2694_n_12806 net:FE_OFN17648_n_40826 net:FE_OFN17644_n_67234 net:FE_OFN17386_n_67020 net:FE_OFN16914_n_19194 net:FE_OFN14419_n_67342 net:FE_OFN13578_n_143089 net:FE_OFN11209_n_50438 net:FE_OCPN15767_n_41949
	comment: capacity:30 usage:32 overflow:2
	bbox = (96.0000, 351.0000) - (99.0000, 354.0000) on Layer -
violation type: Vertical congestion
	srcs: net:b_0_8_2 net:b_0_8_3 net:b_0_8_7 net:b_0_8_8 net:n_131490 net:n_120026 net:n_114297 net:FE_OFN14450_n_143171 net:FE_OFN12714_n_142865 net:FE_OFN11996_n_143283 net:FE_OCPN15556_n_39101
	comment: capacity:11 usage:13 overflow:2
	bbox = (102.0000, 498.0000) - (105.0000, 501.0000) on Layer -
violation type: Vertical congestion
	srcs: net:b_0_4_1 net:b_0_4_6 net:b_0_6_5 net:n_34470 net:n_34053 net:n_33447 net:n_33133 net:n_136429 net:n_120605 net:mul_4370_72_n_143 net:FE_OFN12985_n_112681 net:FE_OFN12960_n_111998
	comment: capacity:12 usage:13 overflow:1
	bbox = (183.0000, 465.0000) - (186.0000, 468.0000) on Layer -
violation type: Vertical congestion
	srcs: net:b_9_0_8 net:b_9_6_0 net:b_9_6_1 net:b_9_6_7 net:n_71293 net:n_44728 net:n_43338 net:FE_OFN3063_n_64849 net:FE_OFN2806_n_140293 net:FE_OFN14964_n_41889 net:FE_OFN12775_n_64846
	comment: capacity:12 usage:13 overflow:1
	bbox = (222.0000, 381.0000) - (225.0000, 384.0000) on Layer -
violation type: Vertical congestion
	srcs: net:b_9_6_0 net:b_9_6_4 net:b_9_6_7 net:b_9_6_9 net:ispd_clk net:n_48446 net:n_111192 net:FE_OFN2806_n_140293 net:FE_OFN14964_n_41889 net:FE_OFN13444_n_41888
	comment: capacity:12 usage:13 overflow:1
	bbox = (222.0000, 393.0000) - (225.0000, 396.0000) on Layer -
violation type: Vertical congestion
	srcs: net:b_9_6_0 net:b_9_6_4 net:b_9_6_7 net:b_9_6_9 net:ispd_clk net:n_49214 net:n_48446 net:FE_OFN2806_n_140293 net:FE_OFN13444_n_41888 net:FE_OFN13055_n_41600
	comment: capacity:12 usage:13 overflow:1
	bbox = (222.0000, 396.0000) - (225.0000, 399.0000) on Layer -
violation type: Vertical congestion
	srcs: net:ispd_clk net:n_29430 net:n_24692 net:n_24066 net:delay_mul_ln34_unr3_unr7_stage2_stallmux_q_14_ net:delay_mul_ln34_unr3_unr0_stage2_stallmux_q_15_ net:FE_OFN9161_n_29105 net:FE_OFN9151_n_20603 net:FE_OFN9149_n_21152 net:FE_OFN9023_n_6661 net:FE_OFN8985_n_6645 net:FE_OFN5799_n_8275
	comment: capacity:12 usage:13 overflow:1
	bbox = (303.0000, 180.0000) - (306.0000, 183.0000) on Layer -
violation type: Vertical congestion
	srcs: net:ispd_clk net:n_29562 net:n_24692 net:n_24066 net:n_19559 net:n_19146 net:n_14232 net:FE_OFN9151_n_20603 net:FE_OFN9149_n_21152 net:FE_OFN9023_n_6661 net:FE_OFN8985_n_6645 net:FE_OFN5799_n_8275
	comment: capacity:12 usage:13 overflow:1
	bbox = (303.0000, 183.0000) - (306.0000, 186.0000) on Layer -
violation type: Vertical congestion
	srcs: net:c_3_6_11 net:c_9_0_4 net:b_3_0_12 net:b_3_0_3 net:b_3_0_8 net:b_3_3_10 net:b_3_3_12 net:b_3_3_8 net:b_3_3_9 net:n_107277 net:n_105342
	comment: capacity:11 usage:12 overflow:1
	bbox = (543.0000, 132.0000) - (546.0000, 135.0000) on Layer -
violation type: Vertical congestion
	srcs: net:c_1_5_1 net:c_2_3_12 net:c_4_0_7 net:c_4_3_12 net:c_5_5_8 net:c_9_1_14 net:c_9_1_5 net:ispd_clk net:n_28911 net:n_13340 net:FE_OFN259_n_34 net:FE_OFN224_n_52
	comment: capacity:12 usage:13 overflow:1
	bbox = (543.0000, 495.0000) - (546.0000, 498.0000) on Layer -
